app/(tabs)/allenamento.tsx(121,47): error TS2345: Argument of type 'string | undefined' is not assignable to parameter of type 'string | null'.
  Type 'undefined' is not assignable to type 'string | null'.
components/QuickAddPastoSheet.tsx(14,27): error TS2307: Cannot find module 'expo-router' or its corresponding type declarations.
components/QuickAddPastoSheet.tsx(94,11): error TS2322: Type 'Porzione | null' is not assignable to type 'Porzione | undefined'.
  Type 'null' is not assignable to type 'Porzione | undefined'.
components/QuickAddPastoSheet.tsx(151,9): error TS2322: Type 'Porzione | null' is not assignable to type 'Porzione | undefined'.
  Type 'null' is not assignable to type 'Porzione | undefined'.
test_schema.ts(2,32): error TS2307: Cannot find module '@supabase/postgrest-js/dist/module/select-query-parser' or its corresponding type declarations.
